cat:seidel2
seidel2
seidel2_orig
seidel2_tile
seidel2_l2tile
seidel2_ncbt
cat:adi2
adi2
adi2_orig
adi2_tile
adi2_ncbt
cat:jac2
jac2
jac2_orig
jac2_tile
jac2_ncbt
jac2_unroll
cat:gemver2
gemver2
gemver2_orig
gemver2_tile
gemver2_l2tile
gemver2_ncbt
cat:lu2
lu2
lu2_orig
lu2_tile
lu2_l2tile
lu2_ncbt
lu2_unroll
cat:mvt2
mvt2
mvt2_orig
mvt2_tile
mvt2_l2tile
mvt2_ncbt
cat:jac2d2
jac2d2
jac2d2_orig
jac2d2_tile
jac2d2_ncbt
jac2d2_unroll
cat:dct2
dct2
dct2_orig
dct2_tile
dct2_l2tile
dct2_ncbt
cat:fdtd-1d2
fdtd-1d2
fdtd-1d2_orig
fdtd-1d2_tile
fdtd-1d2_ncbt
